---
source: crates/jabuti-core/tests/kotlin.rs
expression: outline(&units())
---
File - 1..21
  Type Config 3..8
    Function doubled 4..7
      Closure - 5..5
  Type Registry 10..12
    Function register 11..11
  Type Visitor 14..16
    Function visit 15..15
  Function outer 18..21
    Function inner 19..19
