---
source: crates/jabuti-core/tests/policy.rs
expression: table
---
kotlin     assertion              warning 0
kotlin     churn                  off     0
kotlin     duplicate-block        warning 120
kotlin     error-masking          warning 0
kotlin     hotspot                warning 90
kotlin     layer-violation        warning 0
kotlin     new-dependency         warning 0
kotlin     speculative-api        warning 0
kotlin     suppression            warning 0
kotlin     uncovered-new-code     off     0
kotlin     cognitive-complexity   warning 7
kotlin     cyclomatic-complexity  off     10
kotlin     file-lines             off     1000
kotlin     function-lines         warning 47
kotlin     parameters             warning 4
rust       assertion              warning 0
rust       churn                  off     0
rust       duplicate-block        warning 120
rust       error-masking          warning 0
rust       hotspot                warning 90
rust       layer-violation        warning 0
rust       new-dependency         warning 0
rust       speculative-api        warning 0
rust       suppression            warning 0
rust       uncovered-new-code     off     0
rust       cognitive-complexity   warning 7
rust       cyclomatic-complexity  off     10
rust       file-lines             off     1000
rust       function-lines         warning 60
rust       parameters             warning 4
typescript assertion              warning 0
typescript churn                  off     0
typescript duplicate-block        warning 120
typescript error-masking          warning 0
typescript hotspot                warning 90
typescript layer-violation        warning 0
typescript new-dependency         warning 0
typescript speculative-api        warning 0
typescript suppression            warning 0
typescript uncovered-new-code     off     0
typescript cognitive-complexity   warning 18
typescript cyclomatic-complexity  off     13
typescript file-lines             off     1000
typescript function-lines         warning 71
typescript parameters             warning 4
