---
source: crates/jabuti-core/tests/code/typescript.rs
expression: outline(&typescript_units())
---
File - 1..35
  Type Store 1..3
    Function fetch 2..2
  Type Item 5..8
  Type Catalog 10..26
    Function constructor 11..11
    Function display 13..25
      Function label 14..17
      Function normalise 19..22
  Function outer 28..35
    Function inner 29..32
